<testsuites id="" name="" tests="1" failures="0" skipped="0" errors="0" time="1.8985979999999998">
<testsuite name="app.spec.ts" timestamp="2025-09-16T17:54:39.713Z" hostname="chromium" tests="1" failures="0" skipped="0" time="0.514" errors="0">
<testcase name="Roadrunner App - Basic Functionality › should load the main page" classname="app.spec.ts" time="0.514">
</testcase>
</testsuite>
</testsuites>